1. Tom does not live in the white house.

That's impossible.
