1. John is not the architect.
2. John is not the teacher.
3. John is not the warden.
4. Paul is not the architect.
5. Paul is not the teacher.
6. Paul is not the warden.
7. Mary lives in the yellow house.
8. Jane lives in the blue house.
9. Kim is not the architect.
10. Kim is not the teacher.

Q: What do you know about Kim?
A: Kim is the warden.
